To honour the JVM settings for this build a single-use Daemon process will be forked. For more on this, please refer to https://docs.gradle.org/8.5/userguide/gradle_daemon.html#sec:disabling_the_daemon in the Gradle documentation.
Daemon will be stopped at the end of the build 

> Configure project :
You might want to check out './gradlew :faq' if your build fails.
[DEPRECATION NOTICE] Support for running Gradle using Java versions older than 21 with the RetroFuturaGradle plugin is scheduled to be removed, please upgrade your local and CI workflow Java version to 21 or newer. This does NOT mean that mod code has to use newer Java, the Gradle process itself will require Java 21 but the compiler and mod code can keep on using Java 8.
gradleTokenModId is deprecated! The field will no longer be generated.
gradleTokenModGroup is deprecated! The field will no longer be generated.
gradleTokenModName is deprecated! The field will no longer be generated.

> Task :extractDependencyATs SKIPPED
> Task :generateForgeSrgMappings SKIPPED
> Task :downloadVanillaJars SKIPPED
> Task :mergeVanillaSidedJars SKIPPED
> Task :deobfuscateMergedJarToSrg SKIPPED
> Task :downloadFernflower SKIPPED
> Task :decompileSrgJar SKIPPED
> Task :cleanupDecompSrgJar SKIPPED
> Task :patchDecompiledJar SKIPPED
> Task :applySourceAccessTransformers SKIPPED
> Task :remapDecompiledJar SKIPPED
> Task :decompressDecompiledSources UP-TO-DATE
> Task :compilePatchedMcJava UP-TO-DATE
> Task :processPatchedMcResources UP-TO-DATE
> Task :patchedMcClasses UP-TO-DATE
> Task :compileApiJava NO-SOURCE
> Task :processApiResources NO-SOURCE
> Task :apiClasses UP-TO-DATE
> Task :injectTags UP-TO-DATE
> Task :compileInjectedTagsJava UP-TO-DATE
> Task :extractNatives2 UP-TO-DATE
> Task :createMcLauncherFiles UP-TO-DATE
> Task :compileMcLauncherJava UP-TO-DATE
> Task :processInjectedTagsResources NO-SOURCE
> Task :injectedTagsClasses UP-TO-DATE
> Task :processMcLauncherResources NO-SOURCE
> Task :mcLauncherClasses UP-TO-DATE
> Task :compileJava UP-TO-DATE
> Task :processResources UP-TO-DATE
> Task :classes UP-TO-DATE
> Task :jar
> Task :sourcesJar
> Task :compileTestJava UP-TO-DATE
> Task :processTestResources UP-TO-DATE
> Task :testClasses UP-TO-DATE
> Task :test
> Task :packageMcLauncher
> Task :packagePatchedMc
> Task :reobfJar
> Task :assemble
> Task :check
> Task :build

BUILD SUCCESSFUL in 54s
18 actionable tasks: 6 executed, 12 up-to-date
