4370: [14:26:50] [Netty Client IO #3/TRACE] [FML/]: $HandshakeAck:{3}->FMLHandshakeClientState$6:COMPLETE
4371: [14:26:50] [Client thread/DEBUG] [FML/]: The fluid minecraft:lava has been selected as the default fluid for lava
4372: [14:26:50] [Client thread/DEBUG] [FML/]: The fluid minecraft:water has been selected as the default fluid for water
4373: [14:26:50] [Client thread/INFO] [FML/]: [Client thread] Client side modded connection established
4374: [14:26:51] [Client thread/DEBUG] [FML/]: Overriding dimension: using 100
4375: [14:26:51] [Client thread/INFO] [lotrcharactercreation/]: Activated server custom skin manifest revision 1 (epoch 1791573175500, 0 external preset(s), 0 download(s) required)
4376: [14:26:54] [Client thread/ERROR] [FML/]: FMLIndexedMessageCodec exception caught
4377: io.netty.handler.codec.DecoderException: java.lang.NullPointerException: Undefined message for discriminator 54 in channel kome
4378: 	at io.netty.handler.codec.MessageToMessageDecoder.channelRead(MessageToMessageDecoder.java:99) ~[MessageToMessageDecoder.class:?]
4379: 	at io.netty.handler.codec.MessageToMessageCodec.channelRead(MessageToMessageCodec.java:111) ~[MessageToMessageCodec.class:?]
4380: 	at io.netty.channel.DefaultChannelHandlerContext.invokeChannelRead(DefaultChannelHandlerContext.java:337) [DefaultChannelHandlerContext.class:?]
4381: 	at io.netty.channel.DefaultChannelHandlerContext.fireChannelRead(DefaultChannelHandlerContext.java:323) [DefaultChannelHandlerContext.class:?]
4382: 	at io.netty.channel.DefaultChannelPipeline.fireChannelRead(DefaultChannelPipeline.java:785) [DefaultChannelPipeline.class:?]
4383: 	at io.netty.channel.embedded.EmbeddedChannel.writeInbound(EmbeddedChannel.java:169) [EmbeddedChannel.class:?]
4384: 	at cpw.mods.fml.common.network.internal.FMLProxyPacket.func_148833_a(FMLProxyPacket.java:77) [FMLProxyPacket.class:?]
4385: 	at net.minecraft.network.NetworkManager.func_74428_b(NetworkManager.java:212) [ej.class:?]
4386: 	at net.minecraft.client.multiplayer.PlayerControllerMP.func_78765_e(PlayerControllerMP.java:273) [bje.class:?]
4387: 	at net.minecraft.client.Minecraft.func_71407_l(Minecraft.java:1602) [bao.class:?]
4388: 	at net.minecraft.client.Minecraft.func_71411_J(Minecraft.java:973) [bao.class:?]
4389: 	at net.minecraft.client.Minecraft.func_99999_d(Minecraft.java:898) [bao.class:?]
4390: 	at net.minecraft.client.main.Main.main(SourceFile:148) [Main.class:?]
4391: 	at sun.reflect.NativeMethodAccessorImpl.invoke0(Native Method) ~[?:1.8.0_482]
4392: 	at sun.reflect.NativeMethodAccessorImpl.invoke(NativeMethodAccessorImpl.java:62) ~[?:1.8.0_482]
4393: 	at sun.reflect.DelegatingMethodAccessorImpl.invoke(DelegatingMethodAccessorImpl.java:43) ~[?:1.8.0_482]
4394: 	at java.lang.reflect.Method.invoke(Method.java:498) ~[?:1.8.0_482]
4395: 	at net.minecraft.launchwrapper.Launch.launch(Launch.java:135) [launchwrapper-1.12.jar:?]
4396: 	at net.minecraft.launchwrapper.Launch.main(Launch.java:28) [launchwrapper-1.12.jar:?]
4397: 	at org.prismlauncher.launcher.impl.StandardLauncher.launch(StandardLauncher.java:115) [NewLaunch.jar:?]
4398: 	at org.prismlauncher.EntryPoint.listen(EntryPoint.java:129) [NewLaunch.jar:?]
4399: 	at org.prismlauncher.EntryPoint.main(EntryPoint.java:70) [NewLaunch.jar:?]
4400: Caused by: java.lang.NullPointerException: Undefined message for discriminator 54 in channel kome
4401: 	at cpw.mods.fml.common.network.FMLIndexedMessageToMessageCodec.decode(FMLIndexedMessageToMessageCodec.java:73) ~[FMLIndexedMessageToMessageCodec.class:?]
4402: 	at cpw.mods.fml.common.network.FMLIndexedMessageToMessageCodec.decode(FMLIndexedMessageToMessageCodec.java:17) ~[FMLIndexedMessageToMessageCodec.class:?]
4403: 	at io.netty.handler.codec.MessageToMessageCodec$2.decode(MessageToMessageCodec.java:81) ~[MessageToMessageCodec$2.class:?]
4404: 	at io.netty.handler.codec.MessageToMessageDecoder.channelRead(MessageToMessageDecoder.java:89) ~[MessageToMessageDecoder.class:?]
4405: 	... 21 more
