Tue Oct 06 20:43:20 CDT 2026 CONTROL RESOLVED dimension=100 world=237248,87295 mask=2663,1411 tile=T401 (Exact cell; capturability unknown)
Tue Oct 06 20:43:20 CDT 2026 CONTROL RESOLVED dimension=100 world=237248,87296 mask=2663,1412 tile=T442 (Exact cell; capturability unknown)
Tue Oct 06 20:43:20 CDT 2026 CONTROL IN_BOUNDS_GAP dimension=100 world=34944,640 mask=1083,735 (Exact cell is an unclassified gap; Validated exclusions: zones=0 cells=0)
Tue Oct 06 20:43:20 CDT 2026 CONTROL RESOLVED dimension=100 world=189696,-86016 mask=2292,58 tile=T001 (Exact cell; capturability unknown)
Tue Oct 06 20:43:20 CDT 2026 CONTROL OUTSIDE_MASK dimension=100 world=-10000000,-10000000 mask=-77315,-77395 (Outside authoritative mask coverage)
Tue Oct 06 20:43:20 CDT 2026 CONTROL UNSUPPORTED_DIMENSION dimension=0 world=237248,87295 (Only the configured Middle-earth dimension is supported)
Tue Oct 06 20:43:20 CDT 2026 PASS resolver_controls dimension=100 geometryDiagnostic=Validated tile raster 3200x4000; Validated exclusions: zones=0 cells=0
Tue Oct 06 20:43:20 CDT 2026 METRIC label=baseline-1 tick=202 tracked=0 lookups=0 samples=100 meanMs=2.06829208 p95Ms=2.6833 maxMs=9.1499 heapUsedBytes=601897712 maxHeapBytes=1193279488
Tue Oct 06 20:43:31 CDT 2026 METRIC label=baseline-2 tick=411 tracked=0 lookups=0 samples=100 meanMs=1.67248097 p95Ms=2.2138 maxMs=2.6637 heapUsedBytes=642490584 maxHeapBytes=1193279488
Tue Oct 06 20:43:31 CDT 2026 PLATFORM disposable-world-only x=237244..237255 y=180 z=87290..87302 boundaryZ=87296
Tue Oct 06 20:43:32 CDT 2026 FIXTURE_SPAWN uuid=708c8afe-a396-4fc0-b1a5-eb5f0d781020 owner=be657063-0057-4060-8063-000000000001 nativeOwnerApi=true realPlayerHireTransaction=false
Tue Oct 06 20:43:32 CDT 2026 PASS native_fixture_spawn count=1
Tue Oct 06 20:43:42 CDT 2026 FIXTURE_QUERY uuid=708c8afe-a396-4fc0-b1a5-eb5f0d781020 active=true dead=false availability=AVAILABLE location=RESOLVED dimension=100 world=237248,87294 mask=2663,1411 tile=T401 (Exact cell; capturability unknown) incarnation=1
Tue Oct 06 20:43:42 CDT 2026 FIXTURE_MOVE uuid=708c8afe-a396-4fc0-b1a5-eb5f0d781020 requested=T442 x=237248.5 z=87296.5
Tue Oct 06 20:43:42 CDT 2026 FIXTURE_QUERY uuid=708c8afe-a396-4fc0-b1a5-eb5f0d781020 active=true dead=false availability=STALE_POSITION location=absent incarnation=absent
Tue Oct 06 20:44:16 CDT 2026 FIXTURE_QUERY uuid=708c8afe-a396-4fc0-b1a5-eb5f0d781020 active=true dead=false availability=NOT_TRACKED location=absent incarnation=absent
Tue Oct 06 20:44:16 CDT 2026 FAIL command=spawn:19 error=java.lang.IllegalStateException: Native spawn rejected
Tue Oct 06 20:45:04 CDT 2026 FAIL command=pin error=java.lang.reflect.InvocationTargetException
Tue Oct 06 20:45:35 CDT 2026 PINNED disposable-native-workload chunks=25
Tue Oct 06 20:45:35 CDT 2026 METRIC label=pinned-baseline-initial tick=2888 tracked=1 lookups=3 samples=100 meanMs=3.0756860099999996 p95Ms=3.467501 maxMs=218.1233 heapUsedBytes=523057176 maxHeapBytes=1193279488
Tue Oct 06 20:45:35 CDT 2026 FIXTURE_SPAWN uuid=38951e16-780e-42c5-872e-cf3bec8e8c92 owner=be657063-0057-4060-8063-000000000001 nativeOwnerApi=true realPlayerHireTransaction=false
Tue Oct 06 20:45:35 CDT 2026 FIXTURE_SPAWN uuid=9c94f601-5fc5-4de2-819f-011afe6e6c1f owner=be657063-0057-4060-8063-000000000001 nativeOwnerApi=true realPlayerHireTransaction=false
Tue Oct 06 20:45:35 CDT 2026 FIXTURE_SPAWN uuid=180e0399-879a-48ba-8f7a-aadc6f32a776 owner=be657063-0057-4060-8063-000000000001 nativeOwnerApi=true realPlayerHireTransaction=false
Tue Oct 06 20:45:35 CDT 2026 FIXTURE_SPAWN uuid=65d0f9be-0f64-494d-b8e6-592be452438e owner=be657063-0057-4060-8063-000000000001 nativeOwnerApi=true realPlayerHireTransaction=false
Tue Oct 06 20:45:35 CDT 2026 FIXTURE_SPAWN uuid=63bde381-2066-467d-bb4c-ade1499890fd owner=be657063-0057-4060-8063-000000000001 nativeOwnerApi=true realPlayerHireTransaction=false
Tue Oct 06 20:45:35 CDT 2026 FIXTURE_SPAWN uuid=88042a78-c055-47f7-8832-466952e009c1 owner=be657063-0057-4060-8063-000000000001 nativeOwnerApi=true realPlayerHireTransaction=false
Tue Oct 06 20:45:35 CDT 2026 FIXTURE_SPAWN uuid=802ccadc-66d5-4637-a1d2-dfa3c07b730d owner=be657063-0057-4060-8063-000000000001 nativeOwnerApi=true realPlayerHireTransaction=false
Tue Oct 06 20:45:35 CDT 2026 FIXTURE_SPAWN uuid=1863c8db-dad7-4b58-a361-5f6b8e7bcbae owner=be657063-0057-4060-8063-000000000001 nativeOwnerApi=true realPlayerHireTransaction=false
Tue Oct 06 20:45:35 CDT 2026 FIXTURE_SPAWN uuid=1442b3eb-831b-4959-b507-ec32d956f9d3 owner=be657063-0057-4060-8063-000000000001 nativeOwnerApi=true realPlayerHireTransaction=false
Tue Oct 06 20:45:35 CDT 2026 FIXTURE_SPAWN uuid=fba17d1c-18f5-48ec-b80d-24238a2cede3 owner=be657063-0057-4060-8063-000000000001 nativeOwnerApi=true realPlayerHireTransaction=false
Tue Oct 06 20:45:35 CDT 2026 FIXTURE_SPAWN uuid=d12318f1-438d-4116-926b-e313108ffdb7 owner=be657063-0057-4060-8063-000000000001 nativeOwnerApi=true realPlayerHireTransaction=false
Tue Oct 06 20:45:35 CDT 2026 FIXTURE_SPAWN uuid=c38512fd-b76f-45f6-bbc0-62df7e0a3b87 owner=be657063-0057-4060-8063-000000000001 nativeOwnerApi=true realPlayerHireTransaction=false
Tue Oct 06 20:45:35 CDT 2026 FIXTURE_SPAWN uuid=83fa183c-66af-494c-a68a-9401d34b962b owner=be657063-0057-4060-8063-000000000001 nativeOwnerApi=true realPlayerHireTransaction=false
Tue Oct 06 20:45:35 CDT 2026 FIXTURE_SPAWN uuid=5693564d-1dad-4843-a92b-ee9debcdccc9 owner=be657063-0057-4060-8063-000000000001 nativeOwnerApi=true realPlayerHireTransaction=false
Tue Oct 06 20:45:35 CDT 2026 FIXTURE_SPAWN uuid=061040d2-b9d2-4274-b60f-541272b7b78a owner=be657063-0057-4060-8063-000000000001 nativeOwnerApi=true realPlayerHireTransaction=false
Tue Oct 06 20:45:35 CDT 2026 FIXTURE_SPAWN uuid=76d52130-e244-4d4d-ae65-bc06d39c77ac owner=be657063-0057-4060-8063-000000000001 nativeOwnerApi=true realPlayerHireTransaction=false
Tue Oct 06 20:45:35 CDT 2026 FIXTURE_SPAWN uuid=d26a53ef-2273-4302-a909-f1c61f8fac4a owner=be657063-0057-4060-8063-000000000001 nativeOwnerApi=true realPlayerHireTransaction=false
Tue Oct 06 20:45:35 CDT 2026 FIXTURE_SPAWN uuid=5ba09174-b49b-41ec-989b-acc243bd6d9e owner=be657063-0057-4060-8063-000000000001 nativeOwnerApi=true realPlayerHireTransaction=false
Tue Oct 06 20:45:35 CDT 2026 FIXTURE_SPAWN uuid=991c3fc9-c02c-4f36-8d9b-714488275c2c owner=be657063-0057-4060-8063-000000000001 nativeOwnerApi=true realPlayerHireTransaction=false
Tue Oct 06 20:45:35 CDT 2026 FIXTURE_SPAWN uuid=b767f862-448a-4f99-ac66-29d09e47e727 owner=be657063-0057-4060-8063-000000000001 nativeOwnerApi=true realPlayerHireTransaction=false
Tue Oct 06 20:45:35 CDT 2026 PASS native_fixture_spawn count=20
Tue Oct 06 20:45:56 CDT 2026 METRIC label=populated-1 tick=3316 tracked=21 lookups=1217 samples=100 meanMs=2.3523540499999998 p95Ms=3.0118 maxMs=14.4106 heapUsedBytes=568361192 maxHeapBytes=1193279488
Tue Oct 06 20:46:02 CDT 2026 METRIC label=populated-2 tick=3439 tracked=21 lookups=1217 samples=100 meanMs=2.21770587 p95Ms=2.692 maxMs=3.4093 heapUsedBytes=580715256 maxHeapBytes=1193279488
Tue Oct 06 20:46:08 CDT 2026 METRIC label=populated-3 tick=3562 tracked=21 lookups=1217 samples=100 meanMs=2.46108804 p95Ms=2.8544 maxMs=24.7549 heapUsedBytes=619243456 maxHeapBytes=1193279488
Tue Oct 06 20:46:15 CDT 2026 METRIC label=populated-4 tick=3685 tracked=21 lookups=1217 samples=100 meanMs=2.57447893 p95Ms=2.5949 maxMs=44.734999 heapUsedBytes=421353592 maxHeapBytes=1193279488
Tue Oct 06 20:46:21 CDT 2026 METRIC label=populated-5 tick=3808 tracked=21 lookups=1217 samples=100 meanMs=2.1168580699999997 p95Ms=2.554199 maxMs=2.8271 heapUsedBytes=429716136 maxHeapBytes=1193279488
Tue Oct 06 20:46:21 CDT 2026 FIXTURE_QUERY uuid=38951e16-780e-42c5-872e-cf3bec8e8c92 active=true dead=false availability=AVAILABLE location=RESOLVED dimension=100 world=237246,87290 mask=2663,1411 tile=T401 (Exact cell; capturability unknown) incarnation=3
Tue Oct 06 20:46:21 CDT 2026 FIXTURE_QUERY uuid=9c94f601-5fc5-4de2-819f-011afe6e6c1f active=true dead=false availability=AVAILABLE location=RESOLVED dimension=100 world=237248,87294 mask=2663,1411 tile=T401 (Exact cell; capturability unknown) incarnation=4
Tue Oct 06 20:46:21 CDT 2026 FIXTURE_QUERY uuid=180e0399-879a-48ba-8f7a-aadc6f32a776 active=true dead=false availability=AVAILABLE location=RESOLVED dimension=100 world=237248,87300 mask=2663,1412 tile=T442 (Exact cell; capturability unknown) incarnation=5
Tue Oct 06 20:46:21 CDT 2026 FIXTURE_QUERY uuid=65d0f9be-0f64-494d-b8e6-592be452438e active=true dead=false availability=AVAILABLE location=RESOLVED dimension=100 world=237251,87293 mask=2663,1411 tile=T401 (Exact cell; capturability unknown) incarnation=6
Tue Oct 06 20:46:21 CDT 2026 FIXTURE_QUERY uuid=63bde381-2066-467d-bb4c-ade1499890fd active=true dead=false availability=AVAILABLE location=RESOLVED dimension=100 world=237249,87291 mask=2663,1411 tile=T401 (Exact cell; capturability unknown) incarnation=7
Tue Oct 06 20:46:21 CDT 2026 FIXTURE_QUERY uuid=88042a78-c055-47f7-8832-466952e009c1 active=true dead=false availability=AVAILABLE location=RESOLVED dimension=100 world=237249,87295 mask=2663,1411 tile=T401 (Exact cell; capturability unknown) incarnation=8
Tue Oct 06 20:46:21 CDT 2026 FIXTURE_QUERY uuid=802ccadc-66d5-4637-a1d2-dfa3c07b730d active=true dead=false availability=AVAILABLE location=RESOLVED dimension=100 world=237251,87296 mask=2663,1412 tile=T442 (Exact cell; capturability unknown) incarnation=9
Tue Oct 06 20:46:21 CDT 2026 FIXTURE_QUERY uuid=1863c8db-dad7-4b58-a361-5f6b8e7bcbae active=true dead=false availability=AVAILABLE location=RESOLVED dimension=100 world=237245,87290 mask=2663,1411 tile=T401 (Exact cell; capturability unknown) incarnation=10
Tue Oct 06 20:46:21 CDT 2026 FIXTURE_QUERY uuid=1442b3eb-831b-4959-b507-ec32d956f9d3 active=true dead=false availability=AVAILABLE location=RESOLVED dimension=100 world=237248,87296 mask=2663,1412 tile=T442 (Exact cell; capturability unknown) incarnation=11
Tue Oct 06 20:46:21 CDT 2026 FIXTURE_QUERY uuid=fba17d1c-18f5-48ec-b80d-24238a2cede3 active=true dead=false availability=AVAILABLE location=RESOLVED dimension=100 world=237248,87296 mask=2663,1412 tile=T442 (Exact cell; capturability unknown) incarnation=12
Tue Oct 06 20:46:21 CDT 2026 FIXTURE_QUERY uuid=d12318f1-438d-4116-926b-e313108ffdb7 active=true dead=false availability=AVAILABLE location=RESOLVED dimension=100 world=237254,87294 mask=2663,1411 tile=T401 (Exact cell; capturability unknown) incarnation=13
Tue Oct 06 20:46:21 CDT 2026 FIXTURE_QUERY uuid=c38512fd-b76f-45f6-bbc0-62df7e0a3b87 active=true dead=false availability=AVAILABLE location=RESOLVED dimension=100 world=237252,87296 mask=2663,1412 tile=T442 (Exact cell; capturability unknown) incarnation=14
Tue Oct 06 20:46:21 CDT 2026 FIXTURE_QUERY uuid=83fa183c-66af-494c-a68a-9401d34b962b active=true dead=false availability=AVAILABLE location=RESOLVED dimension=100 world=237247,87297 mask=2663,1412 tile=T442 (Exact cell; capturability unknown) incarnation=15
Tue Oct 06 20:46:21 CDT 2026 FIXTURE_QUERY uuid=5693564d-1dad-4843-a92b-ee9debcdccc9 active=true dead=false availability=AVAILABLE location=RESOLVED dimension=100 world=237248,87298 mask=2663,1412 tile=T442 (Exact cell; capturability unknown) incarnation=16
Tue Oct 06 20:46:21 CDT 2026 FIXTURE_QUERY uuid=061040d2-b9d2-4274-b60f-541272b7b78a active=true dead=false availability=AVAILABLE location=RESOLVED dimension=100 world=237250,87297 mask=2663,1412 tile=T442 (Exact cell; capturability unknown) incarnation=17
Tue Oct 06 20:46:21 CDT 2026 FIXTURE_QUERY uuid=76d52130-e244-4d4d-ae65-bc06d39c77ac active=true dead=false availability=AVAILABLE location=RESOLVED dimension=100 world=237251,87297 mask=2663,1412 tile=T442 (Exact cell; capturability unknown) incarnation=18
Tue Oct 06 20:46:21 CDT 2026 FIXTURE_QUERY uuid=d26a53ef-2273-4302-a909-f1c61f8fac4a active=true dead=false availability=AVAILABLE location=RESOLVED dimension=100 world=237247,87298 mask=2663,1412 tile=T442 (Exact cell; capturability unknown) incarnation=19
Tue Oct 06 20:46:21 CDT 2026 FIXTURE_QUERY uuid=5ba09174-b49b-41ec-989b-acc243bd6d9e active=true dead=false availability=AVAILABLE location=RESOLVED dimension=100 world=237249,87300 mask=2663,1412 tile=T442 (Exact cell; capturability unknown) incarnation=20
Tue Oct 06 20:46:21 CDT 2026 FIXTURE_QUERY uuid=991c3fc9-c02c-4f36-8d9b-714488275c2c active=true dead=false availability=AVAILABLE location=RESOLVED dimension=100 world=237250,87299 mask=2663,1412 tile=T442 (Exact cell; capturability unknown) incarnation=21
Tue Oct 06 20:46:21 CDT 2026 FIXTURE_QUERY uuid=b767f862-448a-4f99-ac66-29d09e47e727 active=true dead=false availability=AVAILABLE location=RESOLVED dimension=100 world=237244,87301 mask=2663,1412 tile=T442 (Exact cell; capturability unknown) incarnation=22
Tue Oct 06 20:46:21 CDT 2026 FIXTURE_MOVE uuid=38951e16-780e-42c5-872e-cf3bec8e8c92 requested=T442 x=237248.5 z=87296.5
Tue Oct 06 20:46:21 CDT 2026 FIXTURE_QUERY uuid=38951e16-780e-42c5-872e-cf3bec8e8c92 active=true dead=false availability=STALE_POSITION location=absent incarnation=absent
Tue Oct 06 20:46:21 CDT 2026 FIXTURE_QUERY uuid=9c94f601-5fc5-4de2-819f-011afe6e6c1f active=true dead=false availability=AVAILABLE location=RESOLVED dimension=100 world=237248,87294 mask=2663,1411 tile=T401 (Exact cell; capturability unknown) incarnation=4
Tue Oct 06 20:46:21 CDT 2026 FIXTURE_QUERY uuid=180e0399-879a-48ba-8f7a-aadc6f32a776 active=true dead=false availability=AVAILABLE location=RESOLVED dimension=100 world=237248,87300 mask=2663,1412 tile=T442 (Exact cell; capturability unknown) incarnation=5
Tue Oct 06 20:46:21 CDT 2026 FIXTURE_QUERY uuid=65d0f9be-0f64-494d-b8e6-592be452438e active=true dead=false availability=AVAILABLE location=RESOLVED dimension=100 world=237251,87293 mask=2663,1411 tile=T401 (Exact cell; capturability unknown) incarnation=6
Tue Oct 06 20:46:21 CDT 2026 FIXTURE_QUERY uuid=63bde381-2066-467d-bb4c-ade1499890fd active=true dead=false availability=AVAILABLE location=RESOLVED dimension=100 world=237249,87291 mask=2663,1411 tile=T401 (Exact cell; capturability unknown) incarnation=7
Tue Oct 06 20:46:21 CDT 2026 FIXTURE_QUERY uuid=88042a78-c055-47f7-8832-466952e009c1 active=true dead=false availability=AVAILABLE location=RESOLVED dimension=100 world=237249,87295 mask=2663,1411 tile=T401 (Exact cell; capturability unknown) incarnation=8
Tue Oct 06 20:46:21 CDT 2026 FIXTURE_QUERY uuid=802ccadc-66d5-4637-a1d2-dfa3c07b730d active=true dead=false availability=AVAILABLE location=RESOLVED dimension=100 world=237251,87296 mask=2663,1412 tile=T442 (Exact cell; capturability unknown) incarnation=9
Tue Oct 06 20:46:21 CDT 2026 FIXTURE_QUERY uuid=1863c8db-dad7-4b58-a361-5f6b8e7bcbae active=true dead=false availability=AVAILABLE location=RESOLVED dimension=100 world=237245,87290 mask=2663,1411 tile=T401 (Exact cell; capturability unknown) incarnation=10
Tue Oct 06 20:46:21 CDT 2026 FIXTURE_QUERY uuid=1442b3eb-831b-4959-b507-ec32d956f9d3 active=true dead=false availability=AVAILABLE location=RESOLVED dimension=100 world=237248,87296 mask=2663,1412 tile=T442 (Exact cell; capturability unknown) incarnation=11
Tue Oct 06 20:46:21 CDT 2026 FIXTURE_QUERY uuid=fba17d1c-18f5-48ec-b80d-24238a2cede3 active=true dead=false availability=AVAILABLE location=RESOLVED dimension=100 world=237248,87296 mask=2663,1412 tile=T442 (Exact cell; capturability unknown) incarnation=12
Tue Oct 06 20:46:21 CDT 2026 FIXTURE_QUERY uuid=d12318f1-438d-4116-926b-e313108ffdb7 active=true dead=false availability=AVAILABLE location=RESOLVED dimension=100 world=237254,87294 mask=2663,1411 tile=T401 (Exact cell; capturability unknown) incarnation=13
Tue Oct 06 20:46:21 CDT 2026 FIXTURE_QUERY uuid=c38512fd-b76f-45f6-bbc0-62df7e0a3b87 active=true dead=false availability=AVAILABLE location=RESOLVED dimension=100 world=237252,87296 mask=2663,1412 tile=T442 (Exact cell; capturability unknown) incarnation=14
Tue Oct 06 20:46:21 CDT 2026 FIXTURE_QUERY uuid=83fa183c-66af-494c-a68a-9401d34b962b active=true dead=false availability=AVAILABLE location=RESOLVED dimension=100 world=237247,87297 mask=2663,1412 tile=T442 (Exact cell; capturability unknown) incarnation=15
Tue Oct 06 20:46:21 CDT 2026 FIXTURE_QUERY uuid=5693564d-1dad-4843-a92b-ee9debcdccc9 active=true dead=false availability=AVAILABLE location=RESOLVED dimension=100 world=237248,87298 mask=2663,1412 tile=T442 (Exact cell; capturability unknown) incarnation=16
Tue Oct 06 20:46:21 CDT 2026 FIXTURE_QUERY uuid=061040d2-b9d2-4274-b60f-541272b7b78a active=true dead=false availability=AVAILABLE location=RESOLVED dimension=100 world=237250,87297 mask=2663,1412 tile=T442 (Exact cell; capturability unknown) incarnation=17
Tue Oct 06 20:46:21 CDT 2026 FIXTURE_QUERY uuid=76d52130-e244-4d4d-ae65-bc06d39c77ac active=true dead=false availability=AVAILABLE location=RESOLVED dimension=100 world=237251,87297 mask=2663,1412 tile=T442 (Exact cell; capturability unknown) incarnation=18
Tue Oct 06 20:46:21 CDT 2026 FIXTURE_QUERY uuid=d26a53ef-2273-4302-a909-f1c61f8fac4a active=true dead=false availability=AVAILABLE location=RESOLVED dimension=100 world=237247,87298 mask=2663,1412 tile=T442 (Exact cell; capturability unknown) incarnation=19
Tue Oct 06 20:46:21 CDT 2026 FIXTURE_QUERY uuid=5ba09174-b49b-41ec-989b-acc243bd6d9e active=true dead=false availability=AVAILABLE location=RESOLVED dimension=100 world=237249,87300 mask=2663,1412 tile=T442 (Exact cell; capturability unknown) incarnation=20
Tue Oct 06 20:46:21 CDT 2026 FIXTURE_QUERY uuid=991c3fc9-c02c-4f36-8d9b-714488275c2c active=true dead=false availability=AVAILABLE location=RESOLVED dimension=100 world=237250,87299 mask=2663,1412 tile=T442 (Exact cell; capturability unknown) incarnation=21
Tue Oct 06 20:46:21 CDT 2026 FIXTURE_QUERY uuid=b767f862-448a-4f99-ac66-29d09e47e727 active=true dead=false availability=AVAILABLE location=RESOLVED dimension=100 world=237244,87301 mask=2663,1412 tile=T442 (Exact cell; capturability unknown) incarnation=22
Tue Oct 06 20:46:59 CDT 2026 FIXTURE_QUERY uuid=38951e16-780e-42c5-872e-cf3bec8e8c92 active=true dead=false availability=AVAILABLE location=RESOLVED dimension=100 world=237248,87296 mask=2663,1412 tile=T442 (Exact cell; capturability unknown) incarnation=3
Tue Oct 06 20:46:59 CDT 2026 FIXTURE_QUERY uuid=9c94f601-5fc5-4de2-819f-011afe6e6c1f active=true dead=false availability=AVAILABLE location=RESOLVED dimension=100 world=237248,87294 mask=2663,1411 tile=T401 (Exact cell; capturability unknown) incarnation=4
Tue Oct 06 20:46:59 CDT 2026 FIXTURE_QUERY uuid=180e0399-879a-48ba-8f7a-aadc6f32a776 active=true dead=false availability=AVAILABLE location=RESOLVED dimension=100 world=237248,87300 mask=2663,1412 tile=T442 (Exact cell; capturability unknown) incarnation=5
Tue Oct 06 20:46:59 CDT 2026 FIXTURE_QUERY uuid=65d0f9be-0f64-494d-b8e6-592be452438e active=true dead=false availability=AVAILABLE location=RESOLVED dimension=100 world=237251,87293 mask=2663,1411 tile=T401 (Exact cell; capturability unknown) incarnation=6
Tue Oct 06 20:46:59 CDT 2026 FIXTURE_QUERY uuid=63bde381-2066-467d-bb4c-ade1499890fd active=true dead=false availability=AVAILABLE location=RESOLVED dimension=100 world=237249,87291 mask=2663,1411 tile=T401 (Exact cell; capturability unknown) incarnation=7
Tue Oct 06 20:46:59 CDT 2026 FIXTURE_QUERY uuid=88042a78-c055-47f7-8832-466952e009c1 active=true dead=false availability=AVAILABLE location=RESOLVED dimension=100 world=237249,87295 mask=2663,1411 tile=T401 (Exact cell; capturability unknown) incarnation=8
Tue Oct 06 20:46:59 CDT 2026 FIXTURE_QUERY uuid=802ccadc-66d5-4637-a1d2-dfa3c07b730d active=true dead=false availability=AVAILABLE location=RESOLVED dimension=100 world=237251,87296 mask=2663,1412 tile=T442 (Exact cell; capturability unknown) incarnation=9
Tue Oct 06 20:46:59 CDT 2026 FIXTURE_QUERY uuid=1863c8db-dad7-4b58-a361-5f6b8e7bcbae active=true dead=false availability=AVAILABLE location=RESOLVED dimension=100 world=237245,87290 mask=2663,1411 tile=T401 (Exact cell; capturability unknown) incarnation=10
Tue Oct 06 20:46:59 CDT 2026 FIXTURE_QUERY uuid=1442b3eb-831b-4959-b507-ec32d956f9d3 active=true dead=false availability=AVAILABLE location=RESOLVED dimension=100 world=237248,87295 mask=2663,1411 tile=T401 (Exact cell; capturability unknown) incarnation=11
Tue Oct 06 20:46:59 CDT 2026 FIXTURE_QUERY uuid=fba17d1c-18f5-48ec-b80d-24238a2cede3 active=true dead=false availability=AVAILABLE location=RESOLVED dimension=100 world=237249,87297 mask=2663,1412 tile=T442 (Exact cell; capturability unknown) incarnation=12
Tue Oct 06 20:46:59 CDT 2026 FIXTURE_QUERY uuid=d12318f1-438d-4116-926b-e313108ffdb7 active=true dead=false availability=AVAILABLE location=RESOLVED dimension=100 world=237254,87294 mask=2663,1411 tile=T401 (Exact cell; capturability unknown) incarnation=13
Tue Oct 06 20:46:59 CDT 2026 FIXTURE_QUERY uuid=c38512fd-b76f-45f6-bbc0-62df7e0a3b87 active=true dead=false availability=AVAILABLE location=RESOLVED dimension=100 world=237252,87296 mask=2663,1412 tile=T442 (Exact cell; capturability unknown) incarnation=14
Tue Oct 06 20:46:59 CDT 2026 FIXTURE_QUERY uuid=83fa183c-66af-494c-a68a-9401d34b962b active=true dead=false availability=AVAILABLE location=RESOLVED dimension=100 world=237247,87297 mask=2663,1412 tile=T442 (Exact cell; capturability unknown) incarnation=15
Tue Oct 06 20:46:59 CDT 2026 FIXTURE_QUERY uuid=5693564d-1dad-4843-a92b-ee9debcdccc9 active=true dead=false availability=AVAILABLE location=RESOLVED dimension=100 world=237248,87298 mask=2663,1412 tile=T442 (Exact cell; capturability unknown) incarnation=16
Tue Oct 06 20:46:59 CDT 2026 FIXTURE_QUERY uuid=061040d2-b9d2-4274-b60f-541272b7b78a active=true dead=false availability=AVAILABLE location=RESOLVED dimension=100 world=237250,87297 mask=2663,1412 tile=T442 (Exact cell; capturability unknown) incarnation=17
Tue Oct 06 20:46:59 CDT 2026 FIXTURE_QUERY uuid=76d52130-e244-4d4d-ae65-bc06d39c77ac active=true dead=false availability=AVAILABLE location=RESOLVED dimension=100 world=237251,87297 mask=2663,1412 tile=T442 (Exact cell; capturability unknown) incarnation=18
Tue Oct 06 20:46:59 CDT 2026 FIXTURE_QUERY uuid=d26a53ef-2273-4302-a909-f1c61f8fac4a active=true dead=false availability=AVAILABLE location=RESOLVED dimension=100 world=237247,87298 mask=2663,1412 tile=T442 (Exact cell; capturability unknown) incarnation=19
Tue Oct 06 20:46:59 CDT 2026 FIXTURE_QUERY uuid=5ba09174-b49b-41ec-989b-acc243bd6d9e active=true dead=false availability=AVAILABLE location=RESOLVED dimension=100 world=237249,87300 mask=2663,1412 tile=T442 (Exact cell; capturability unknown) incarnation=20
Tue Oct 06 20:46:59 CDT 2026 FIXTURE_QUERY uuid=991c3fc9-c02c-4f36-8d9b-714488275c2c active=true dead=false availability=AVAILABLE location=RESOLVED dimension=100 world=237250,87299 mask=2663,1412 tile=T442 (Exact cell; capturability unknown) incarnation=21
Tue Oct 06 20:46:59 CDT 2026 FIXTURE_QUERY uuid=b767f862-448a-4f99-ac66-29d09e47e727 active=true dead=false availability=AVAILABLE location=RESOLVED dimension=100 world=237244,87301 mask=2663,1412 tile=T442 (Exact cell; capturability unknown) incarnation=22
Tue Oct 06 20:46:59 CDT 2026 FIXTURE_DISMISS uuid=38951e16-780e-42c5-872e-cf3bec8e8c92 nativeActive=false
Tue Oct 06 20:47:00 CDT 2026 FIXTURE_KILL uuid=b767f862-448a-4f99-ac66-29d09e47e727
Tue Oct 06 20:47:50 CDT 2026 FIXTURE_QUERY uuid=38951e16-780e-42c5-872e-cf3bec8e8c92 active=false dead=false availability=NOT_TRACKED location=absent incarnation=absent
Tue Oct 06 20:47:50 CDT 2026 FIXTURE_QUERY uuid=9c94f601-5fc5-4de2-819f-011afe6e6c1f active=true dead=false availability=AVAILABLE location=RESOLVED dimension=100 world=237248,87294 mask=2663,1411 tile=T401 (Exact cell; capturability unknown) incarnation=4
Tue Oct 06 20:47:50 CDT 2026 FIXTURE_QUERY uuid=180e0399-879a-48ba-8f7a-aadc6f32a776 active=true dead=false availability=AVAILABLE location=RESOLVED dimension=100 world=237248,87300 mask=2663,1412 tile=T442 (Exact cell; capturability unknown) incarnation=5
Tue Oct 06 20:47:50 CDT 2026 FIXTURE_QUERY uuid=65d0f9be-0f64-494d-b8e6-592be452438e active=true dead=false availability=AVAILABLE location=RESOLVED dimension=100 world=237251,87293 mask=2663,1411 tile=T401 (Exact cell; capturability unknown) incarnation=6
Tue Oct 06 20:47:50 CDT 2026 FIXTURE_QUERY uuid=63bde381-2066-467d-bb4c-ade1499890fd active=true dead=false availability=AVAILABLE location=RESOLVED dimension=100 world=237249,87291 mask=2663,1411 tile=T401 (Exact cell; capturability unknown) incarnation=7
Tue Oct 06 20:47:50 CDT 2026 FIXTURE_QUERY uuid=88042a78-c055-47f7-8832-466952e009c1 active=true dead=false availability=AVAILABLE location=RESOLVED dimension=100 world=237249,87295 mask=2663,1411 tile=T401 (Exact cell; capturability unknown) incarnation=8
Tue Oct 06 20:47:50 CDT 2026 FIXTURE_QUERY uuid=802ccadc-66d5-4637-a1d2-dfa3c07b730d active=true dead=false availability=AVAILABLE location=RESOLVED dimension=100 world=237251,87296 mask=2663,1412 tile=T442 (Exact cell; capturability unknown) incarnation=9
Tue Oct 06 20:47:50 CDT 2026 FIXTURE_QUERY uuid=1863c8db-dad7-4b58-a361-5f6b8e7bcbae active=true dead=false availability=AVAILABLE location=RESOLVED dimension=100 world=237245,87290 mask=2663,1411 tile=T401 (Exact cell; capturability unknown) incarnation=10
Tue Oct 06 20:47:50 CDT 2026 FIXTURE_QUERY uuid=1442b3eb-831b-4959-b507-ec32d956f9d3 active=true dead=false availability=AVAILABLE location=RESOLVED dimension=100 world=237248,87295 mask=2663,1411 tile=T401 (Exact cell; capturability unknown) incarnation=11
Tue Oct 06 20:47:50 CDT 2026 FIXTURE_QUERY uuid=fba17d1c-18f5-48ec-b80d-24238a2cede3 active=true dead=false availability=AVAILABLE location=RESOLVED dimension=100 world=237249,87297 mask=2663,1412 tile=T442 (Exact cell; capturability unknown) incarnation=12
Tue Oct 06 20:47:50 CDT 2026 FIXTURE_QUERY uuid=d12318f1-438d-4116-926b-e313108ffdb7 active=true dead=false availability=AVAILABLE location=RESOLVED dimension=100 world=237254,87294 mask=2663,1411 tile=T401 (Exact cell; capturability unknown) incarnation=13
Tue Oct 06 20:47:50 CDT 2026 FIXTURE_QUERY uuid=c38512fd-b76f-45f6-bbc0-62df7e0a3b87 active=true dead=false availability=AVAILABLE location=RESOLVED dimension=100 world=237252,87296 mask=2663,1412 tile=T442 (Exact cell; capturability unknown) incarnation=14
Tue Oct 06 20:47:50 CDT 2026 FIXTURE_QUERY uuid=83fa183c-66af-494c-a68a-9401d34b962b active=true dead=false availability=AVAILABLE location=RESOLVED dimension=100 world=237247,87297 mask=2663,1412 tile=T442 (Exact cell; capturability unknown) incarnation=15
Tue Oct 06 20:47:50 CDT 2026 FIXTURE_QUERY uuid=5693564d-1dad-4843-a92b-ee9debcdccc9 active=true dead=false availability=AVAILABLE location=RESOLVED dimension=100 world=237248,87298 mask=2663,1412 tile=T442 (Exact cell; capturability unknown) incarnation=16
Tue Oct 06 20:47:50 CDT 2026 FIXTURE_QUERY uuid=061040d2-b9d2-4274-b60f-541272b7b78a active=true dead=false availability=AVAILABLE location=RESOLVED dimension=100 world=237250,87297 mask=2663,1412 tile=T442 (Exact cell; capturability unknown) incarnation=17
Tue Oct 06 20:47:50 CDT 2026 FIXTURE_QUERY uuid=76d52130-e244-4d4d-ae65-bc06d39c77ac active=true dead=false availability=AVAILABLE location=RESOLVED dimension=100 world=237251,87297 mask=2663,1412 tile=T442 (Exact cell; capturability unknown) incarnation=18
Tue Oct 06 20:47:50 CDT 2026 FIXTURE_QUERY uuid=d26a53ef-2273-4302-a909-f1c61f8fac4a active=true dead=false availability=AVAILABLE location=RESOLVED dimension=100 world=237247,87298 mask=2663,1412 tile=T442 (Exact cell; capturability unknown) incarnation=19
Tue Oct 06 20:47:50 CDT 2026 FIXTURE_QUERY uuid=5ba09174-b49b-41ec-989b-acc243bd6d9e active=true dead=false availability=AVAILABLE location=RESOLVED dimension=100 world=237249,87300 mask=2663,1412 tile=T442 (Exact cell; capturability unknown) incarnation=20
Tue Oct 06 20:47:50 CDT 2026 FIXTURE_QUERY uuid=991c3fc9-c02c-4f36-8d9b-714488275c2c active=true dead=false availability=AVAILABLE location=RESOLVED dimension=100 world=237250,87299 mask=2663,1412 tile=T442 (Exact cell; capturability unknown) incarnation=21
Tue Oct 06 20:47:50 CDT 2026 FIXTURE_QUERY uuid=b767f862-448a-4f99-ac66-29d09e47e727 active=true dead=true availability=NOT_TRACKED location=absent incarnation=absent
Tue Oct 06 20:47:50 CDT 2026 UNPINNED
Tue Oct 06 20:48:45 CDT 2026 CONTROL RESOLVED dimension=100 world=237248,87295 mask=2663,1411 tile=T401 (Exact cell; capturability unknown)
Tue Oct 06 20:48:45 CDT 2026 CONTROL RESOLVED dimension=100 world=237248,87296 mask=2663,1412 tile=T442 (Exact cell; capturability unknown)
Tue Oct 06 20:48:45 CDT 2026 CONTROL IN_BOUNDS_GAP dimension=100 world=34944,640 mask=1083,735 (Exact cell is an unclassified gap; Validated exclusions: zones=0 cells=0)
Tue Oct 06 20:48:45 CDT 2026 CONTROL RESOLVED dimension=100 world=189696,-86016 mask=2292,58 tile=T001 (Exact cell; capturability unknown)
Tue Oct 06 20:48:45 CDT 2026 CONTROL OUTSIDE_MASK dimension=100 world=-10000000,-10000000 mask=-77315,-77395 (Outside authoritative mask coverage)
Tue Oct 06 20:48:45 CDT 2026 CONTROL UNSUPPORTED_DIMENSION dimension=0 world=237248,87295 (Only the configured Middle-earth dimension is supported)
Tue Oct 06 20:48:45 CDT 2026 PASS resolver_controls dimension=100 geometryDiagnostic=Validated tile raster 3200x4000; Validated exclusions: zones=0 cells=0
Tue Oct 06 20:48:46 CDT 2026 PINNED disposable-native-workload chunks=25
Tue Oct 06 20:48:46 CDT 2026 ADOPT_RELOADED uuid=1863c8db-dad7-4b58-a361-5f6b8e7bcbae active=true
Tue Oct 06 20:48:46 CDT 2026 ADOPT_RELOADED uuid=708c8afe-a396-4fc0-b1a5-eb5f0d781020 active=true
Tue Oct 06 20:48:46 CDT 2026 ADOPT_RELOADED uuid=83fa183c-66af-494c-a68a-9401d34b962b active=true
Tue Oct 06 20:48:46 CDT 2026 ADOPT_RELOADED uuid=d26a53ef-2273-4302-a909-f1c61f8fac4a active=true
Tue Oct 06 20:48:46 CDT 2026 ADOPT_RELOADED uuid=9c94f601-5fc5-4de2-819f-011afe6e6c1f active=true
Tue Oct 06 20:48:46 CDT 2026 ADOPT_RELOADED uuid=65d0f9be-0f64-494d-b8e6-592be452438e active=true
Tue Oct 06 20:48:46 CDT 2026 ADOPT_RELOADED uuid=63bde381-2066-467d-bb4c-ade1499890fd active=true
Tue Oct 06 20:48:46 CDT 2026 ADOPT_RELOADED uuid=88042a78-c055-47f7-8832-466952e009c1 active=true
Tue Oct 06 20:48:46 CDT 2026 ADOPT_RELOADED uuid=d12318f1-438d-4116-926b-e313108ffdb7 active=true
Tue Oct 06 20:48:46 CDT 2026 ADOPT_RELOADED uuid=1442b3eb-831b-4959-b507-ec32d956f9d3 active=true
Tue Oct 06 20:48:46 CDT 2026 ADOPT_RELOADED uuid=fba17d1c-18f5-48ec-b80d-24238a2cede3 active=true
Tue Oct 06 20:48:46 CDT 2026 ADOPT_RELOADED uuid=c38512fd-b76f-45f6-bbc0-62df7e0a3b87 active=true
Tue Oct 06 20:48:46 CDT 2026 ADOPT_RELOADED uuid=5693564d-1dad-4843-a92b-ee9debcdccc9 active=true
Tue Oct 06 20:48:46 CDT 2026 ADOPT_RELOADED uuid=061040d2-b9d2-4274-b60f-541272b7b78a active=true
Tue Oct 06 20:48:46 CDT 2026 ADOPT_RELOADED uuid=76d52130-e244-4d4d-ae65-bc06d39c77ac active=true
Tue Oct 06 20:48:46 CDT 2026 ADOPT_RELOADED uuid=5ba09174-b49b-41ec-989b-acc243bd6d9e active=true
Tue Oct 06 20:48:46 CDT 2026 ADOPT_RELOADED uuid=991c3fc9-c02c-4f36-8d9b-714488275c2c active=true
Tue Oct 06 20:48:46 CDT 2026 ADOPT_RELOADED uuid=802ccadc-66d5-4637-a1d2-dfa3c07b730d active=true
Tue Oct 06 20:48:46 CDT 2026 ADOPT_RELOADED uuid=180e0399-879a-48ba-8f7a-aadc6f32a776 active=true
Tue Oct 06 20:48:46 CDT 2026 ADOPT_RELOADED uuid=38951e16-780e-42c5-872e-cf3bec8e8c92 active=false
Tue Oct 06 20:48:46 CDT 2026 FIXTURE_QUERY uuid=1863c8db-dad7-4b58-a361-5f6b8e7bcbae active=true dead=false availability=AVAILABLE location=RESOLVED dimension=100 world=237245,87290 mask=2663,1411 tile=T401 (Exact cell; capturability unknown) incarnation=1
Tue Oct 06 20:48:46 CDT 2026 FIXTURE_QUERY uuid=708c8afe-a396-4fc0-b1a5-eb5f0d781020 active=true dead=false availability=AVAILABLE location=RESOLVED dimension=100 world=237247,87296 mask=2663,1412 tile=T442 (Exact cell; capturability unknown) incarnation=2
Tue Oct 06 20:48:46 CDT 2026 FIXTURE_QUERY uuid=83fa183c-66af-494c-a68a-9401d34b962b active=true dead=false availability=AVAILABLE location=RESOLVED dimension=100 world=237247,87297 mask=2663,1412 tile=T442 (Exact cell; capturability unknown) incarnation=3
Tue Oct 06 20:48:46 CDT 2026 FIXTURE_QUERY uuid=d26a53ef-2273-4302-a909-f1c61f8fac4a active=true dead=false availability=AVAILABLE location=RESOLVED dimension=100 world=237247,87298 mask=2663,1412 tile=T442 (Exact cell; capturability unknown) incarnation=4
Tue Oct 06 20:48:46 CDT 2026 FIXTURE_QUERY uuid=9c94f601-5fc5-4de2-819f-011afe6e6c1f active=true dead=false availability=AVAILABLE location=RESOLVED dimension=100 world=237248,87294 mask=2663,1411 tile=T401 (Exact cell; capturability unknown) incarnation=5
Tue Oct 06 20:48:46 CDT 2026 FIXTURE_QUERY uuid=65d0f9be-0f64-494d-b8e6-592be452438e active=true dead=false availability=AVAILABLE location=RESOLVED dimension=100 world=237251,87293 mask=2663,1411 tile=T401 (Exact cell; capturability unknown) incarnation=6
Tue Oct 06 20:48:46 CDT 2026 FIXTURE_QUERY uuid=63bde381-2066-467d-bb4c-ade1499890fd active=true dead=false availability=AVAILABLE location=RESOLVED dimension=100 world=237249,87291 mask=2663,1411 tile=T401 (Exact cell; capturability unknown) incarnation=7
Tue Oct 06 20:48:46 CDT 2026 FIXTURE_QUERY uuid=88042a78-c055-47f7-8832-466952e009c1 active=true dead=false availability=AVAILABLE location=RESOLVED dimension=100 world=237249,87295 mask=2663,1411 tile=T401 (Exact cell; capturability unknown) incarnation=8
Tue Oct 06 20:48:46 CDT 2026 FIXTURE_QUERY uuid=d12318f1-438d-4116-926b-e313108ffdb7 active=true dead=false availability=AVAILABLE location=RESOLVED dimension=100 world=237254,87294 mask=2663,1411 tile=T401 (Exact cell; capturability unknown) incarnation=9
Tue Oct 06 20:48:46 CDT 2026 FIXTURE_QUERY uuid=1442b3eb-831b-4959-b507-ec32d956f9d3 active=true dead=false availability=AVAILABLE location=RESOLVED dimension=100 world=237248,87295 mask=2663,1411 tile=T401 (Exact cell; capturability unknown) incarnation=10
Tue Oct 06 20:48:46 CDT 2026 FIXTURE_QUERY uuid=fba17d1c-18f5-48ec-b80d-24238a2cede3 active=true dead=false availability=AVAILABLE location=RESOLVED dimension=100 world=237249,87297 mask=2663,1412 tile=T442 (Exact cell; capturability unknown) incarnation=11
Tue Oct 06 20:48:46 CDT 2026 FIXTURE_QUERY uuid=c38512fd-b76f-45f6-bbc0-62df7e0a3b87 active=true dead=false availability=AVAILABLE location=RESOLVED dimension=100 world=237252,87296 mask=2663,1412 tile=T442 (Exact cell; capturability unknown) incarnation=12
Tue Oct 06 20:48:46 CDT 2026 FIXTURE_QUERY uuid=5693564d-1dad-4843-a92b-ee9debcdccc9 active=true dead=false availability=AVAILABLE location=RESOLVED dimension=100 world=237248,87298 mask=2663,1412 tile=T442 (Exact cell; capturability unknown) incarnation=13
Tue Oct 06 20:48:46 CDT 2026 FIXTURE_QUERY uuid=061040d2-b9d2-4274-b60f-541272b7b78a active=true dead=false availability=AVAILABLE location=RESOLVED dimension=100 world=237250,87297 mask=2663,1412 tile=T442 (Exact cell; capturability unknown) incarnation=14
Tue Oct 06 20:48:46 CDT 2026 FIXTURE_QUERY uuid=76d52130-e244-4d4d-ae65-bc06d39c77ac active=true dead=false availability=AVAILABLE location=RESOLVED dimension=100 world=237251,87297 mask=2663,1412 tile=T442 (Exact cell; capturability unknown) incarnation=15
Tue Oct 06 20:48:46 CDT 2026 FIXTURE_QUERY uuid=5ba09174-b49b-41ec-989b-acc243bd6d9e active=true dead=false availability=AVAILABLE location=RESOLVED dimension=100 world=237249,87300 mask=2663,1412 tile=T442 (Exact cell; capturability unknown) incarnation=16
Tue Oct 06 20:48:46 CDT 2026 FIXTURE_QUERY uuid=991c3fc9-c02c-4f36-8d9b-714488275c2c active=true dead=false availability=AVAILABLE location=RESOLVED dimension=100 world=237250,87299 mask=2663,1412 tile=T442 (Exact cell; capturability unknown) incarnation=17
Tue Oct 06 20:48:46 CDT 2026 FIXTURE_QUERY uuid=802ccadc-66d5-4637-a1d2-dfa3c07b730d active=true dead=false availability=AVAILABLE location=RESOLVED dimension=100 world=237251,87296 mask=2663,1412 tile=T442 (Exact cell; capturability unknown) incarnation=18
Tue Oct 06 20:48:46 CDT 2026 FIXTURE_QUERY uuid=180e0399-879a-48ba-8f7a-aadc6f32a776 active=true dead=false availability=AVAILABLE location=RESOLVED dimension=100 world=237248,87300 mask=2663,1412 tile=T442 (Exact cell; capturability unknown) incarnation=19
Tue Oct 06 20:48:46 CDT 2026 FIXTURE_QUERY uuid=38951e16-780e-42c5-872e-cf3bec8e8c92 active=false dead=false availability=NOT_TRACKED location=absent incarnation=absent
Tue Oct 06 20:48:46 CDT 2026 PASS cold_reload_native_fixtures count=20
Tue Oct 06 20:49:05 CDT 2026 FIXTURE_CLEANUP count=20
Tue Oct 06 20:49:05 CDT 2026 UNPINNED
Tue Oct 06 20:53:47 CDT 2026 PLAYER uuid=a976a4b7-0614-49c0-b992-61a3a89bd773 dimension=100 x=83392.5 y=69.5 z=-12479.5
Tue Oct 06 20:53:47 CDT 2026 PLATFORM disposable-world-only x=237244..237255 y=180 z=87290..87302 boundaryZ=87296
Tue Oct 06 20:53:47 CDT 2026 FAIL command=stage-player error=java.lang.NoSuchMethodException: net.minecraft.server.dedicated.DedicatedPlayerList.func_72356_a(net.minecraft.entity.player.EntityPlayerMP, int, net.minecraft.world.Teleporter)
Tue Oct 06 20:54:54 CDT 2026 STAGED_PLAYER uuid=a976a4b7-0614-49c0-b992-61a3a89bd773 nonOperatorExpected=true boundary=T401/T442
Tue Oct 06 20:54:54 CDT 2026 PLAYER uuid=a976a4b7-0614-49c0-b992-61a3a89bd773 dimension=100 x=237248.5 y=181.0 z=87295.5
Tue Oct 06 21:04:50 CDT 2026 METRIC label=connected-one-player-idle-0 tick=19849 tracked=1 lookups=886 samples=100 meanMs=2.0523009 p95Ms=1.8841 maxMs=52.934401 heapUsedBytes=649102648 maxHeapBytes=1193279488
Tue Oct 06 21:04:56 CDT 2026 METRIC label=connected-one-player-idle-1 tick=19972 tracked=1 lookups=886 samples=100 meanMs=1.27608105 p95Ms=1.5936 maxMs=1.940301 heapUsedBytes=660251720 maxHeapBytes=1193279488
Tue Oct 06 21:05:02 CDT 2026 METRIC label=connected-one-player-idle-2 tick=20095 tracked=1 lookups=886 samples=100 meanMs=1.2797779299999998 p95Ms=1.6391 maxMs=1.814 heapUsedBytes=675046792 maxHeapBytes=1193279488
Tue Oct 06 21:05:08 CDT 2026 METRIC label=connected-one-player-idle-3 tick=20218 tracked=1 lookups=886 samples=100 meanMs=1.29480796 p95Ms=1.5354 maxMs=2.2152 heapUsedBytes=686441576 maxHeapBytes=1193279488
Tue Oct 06 21:05:15 CDT 2026 METRIC label=connected-one-player-idle-4 tick=20341 tracked=1 lookups=886 samples=100 meanMs=1.30874702 p95Ms=1.6838 maxMs=2.575899 heapUsedBytes=701236544 maxHeapBytes=1193279488
Tue Oct 06 21:35:11 CDT 2026 METRIC label=fixed-connected-idle-1 tick=21222 tracked=1 lookups=63 samples=100 meanMs=1.84064799 p95Ms=2.401999 maxMs=2.682799 heapUsedBytes=493614064 maxHeapBytes=1193279488
Tue Oct 06 21:35:17 CDT 2026 METRIC label=fixed-connected-idle-2 tick=21335 tracked=1 lookups=63 samples=100 meanMs=1.948724 p95Ms=2.348 maxMs=14.604 heapUsedBytes=513494248 maxHeapBytes=1193279488
Tue Oct 06 21:35:23 CDT 2026 METRIC label=fixed-connected-idle-3 tick=21448 tracked=1 lookups=63 samples=100 meanMs=1.9087789499999999 p95Ms=2.434 maxMs=5.457701 heapUsedBytes=533376312 maxHeapBytes=1193279488
Tue Oct 06 21:35:28 CDT 2026 METRIC label=fixed-connected-idle-4 tick=21561 tracked=1 lookups=63 samples=100 meanMs=1.79482794 p95Ms=2.187799 maxMs=3.559199 heapUsedBytes=548767744 maxHeapBytes=1193279488
Tue Oct 06 21:35:34 CDT 2026 METRIC label=fixed-connected-idle-5 tick=21674 tracked=1 lookups=63 samples=100 meanMs=2.29669494 p95Ms=2.3844 maxMs=43.2873 heapUsedBytes=580380720 maxHeapBytes=1193279488
Tue Oct 06 21:35:46 CDT 2026 FIXTURE_SPAWN uuid=470e372b-ba72-4c89-a13e-bbb2e42478e1 owner=be657063-0057-4060-8063-000000000001 nativeOwnerApi=true realPlayerHireTransaction=false
Tue Oct 06 21:35:46 CDT 2026 FIXTURE_SPAWN uuid=3132bac6-2a8a-4193-a18d-8204842576af owner=be657063-0057-4060-8063-000000000001 nativeOwnerApi=true realPlayerHireTransaction=false
Tue Oct 06 21:35:46 CDT 2026 FIXTURE_SPAWN uuid=ab85b53d-b70a-4e6a-aeeb-046f3234286b owner=be657063-0057-4060-8063-000000000001 nativeOwnerApi=true realPlayerHireTransaction=false
Tue Oct 06 21:35:46 CDT 2026 FIXTURE_SPAWN uuid=018cf80d-1bbe-45da-8a9a-8f6ffe29f257 owner=be657063-0057-4060-8063-000000000001 nativeOwnerApi=true realPlayerHireTransaction=false
Tue Oct 06 21:35:46 CDT 2026 FIXTURE_SPAWN uuid=e713081c-45cc-4a85-9e73-15922a26ebf4 owner=be657063-0057-4060-8063-000000000001 nativeOwnerApi=true realPlayerHireTransaction=false
Tue Oct 06 21:35:46 CDT 2026 FIXTURE_SPAWN uuid=af56f056-0ed2-45b4-b789-efae759a3c3a owner=be657063-0057-4060-8063-000000000001 nativeOwnerApi=true realPlayerHireTransaction=false
Tue Oct 06 21:35:46 CDT 2026 FIXTURE_SPAWN uuid=f123f776-3cd1-4ebd-bdee-85d165d08b7a owner=be657063-0057-4060-8063-000000000001 nativeOwnerApi=true realPlayerHireTransaction=false
Tue Oct 06 21:35:46 CDT 2026 FIXTURE_SPAWN uuid=608566fe-3b9c-4b34-8aca-8a17934a712c owner=be657063-0057-4060-8063-000000000001 nativeOwnerApi=true realPlayerHireTransaction=false
Tue Oct 06 21:35:46 CDT 2026 FIXTURE_SPAWN uuid=7af30b59-1123-47b4-9087-2f74246f7332 owner=be657063-0057-4060-8063-000000000001 nativeOwnerApi=true realPlayerHireTransaction=false
Tue Oct 06 21:35:46 CDT 2026 FIXTURE_SPAWN uuid=b82c4508-c3b2-47a8-92f4-e420a16a5620 owner=be657063-0057-4060-8063-000000000001 nativeOwnerApi=true realPlayerHireTransaction=false
Tue Oct 06 21:35:46 CDT 2026 FIXTURE_SPAWN uuid=80c033aa-ff26-457b-8cd8-7272047e88bc owner=be657063-0057-4060-8063-000000000001 nativeOwnerApi=true realPlayerHireTransaction=false
Tue Oct 06 21:35:46 CDT 2026 FIXTURE_SPAWN uuid=eb03b7af-c6ac-448a-a074-0ac1e063d615 owner=be657063-0057-4060-8063-000000000001 nativeOwnerApi=true realPlayerHireTransaction=false
Tue Oct 06 21:35:46 CDT 2026 FIXTURE_SPAWN uuid=59e094a5-fe17-4e06-85b9-8318d8c63498 owner=be657063-0057-4060-8063-000000000001 nativeOwnerApi=true realPlayerHireTransaction=false
Tue Oct 06 21:35:46 CDT 2026 FIXTURE_SPAWN uuid=0861e1e4-5c46-44b2-aa78-e3d674f42fa5 owner=be657063-0057-4060-8063-000000000001 nativeOwnerApi=true realPlayerHireTransaction=false
Tue Oct 06 21:35:46 CDT 2026 FIXTURE_SPAWN uuid=2fabdf98-d841-44c8-85ef-5e9abe116d0f owner=be657063-0057-4060-8063-000000000001 nativeOwnerApi=true realPlayerHireTransaction=false
Tue Oct 06 21:35:46 CDT 2026 FIXTURE_SPAWN uuid=0dee0782-a0bb-496c-97b7-3f0574e7a335 owner=be657063-0057-4060-8063-000000000001 nativeOwnerApi=true realPlayerHireTransaction=false
Tue Oct 06 21:35:46 CDT 2026 FIXTURE_SPAWN uuid=a110c29a-2d51-44ed-b015-4e8cdbdc63d7 owner=be657063-0057-4060-8063-000000000001 nativeOwnerApi=true realPlayerHireTransaction=false
Tue Oct 06 21:35:46 CDT 2026 FIXTURE_SPAWN uuid=a6a1ab0b-ce67-45b3-ab16-cac8c3947a62 owner=be657063-0057-4060-8063-000000000001 nativeOwnerApi=true realPlayerHireTransaction=false
Tue Oct 06 21:35:46 CDT 2026 FIXTURE_SPAWN uuid=fa56a5f7-8fc4-4228-b7a0-aacf186856f6 owner=be657063-0057-4060-8063-000000000001 nativeOwnerApi=true realPlayerHireTransaction=false
Tue Oct 06 21:35:46 CDT 2026 FIXTURE_SPAWN uuid=7300f2be-0a6f-4f3f-8009-a11b12ce87d9 owner=be657063-0057-4060-8063-000000000001 nativeOwnerApi=true realPlayerHireTransaction=false
Tue Oct 06 21:35:46 CDT 2026 PASS native_fixture_spawn count=20
Tue Oct 06 21:35:46 CDT 2026 FIXTURE_SPAWN uuid=5bbff424-4fab-45b7-a12e-42b415caf535 owner=be657063-0057-4060-8063-000000000001 nativeOwnerApi=true realPlayerHireTransaction=false
Tue Oct 06 21:35:46 CDT 2026 PASS native_fixture_spawn count=1
Tue Oct 06 21:36:02 CDT 2026 METRIC label=fixed-connected-populated-1 tick=22245 tracked=22 lookups=2362 samples=100 meanMs=2.34464498 p95Ms=2.7462 maxMs=16.109899 heapUsedBytes=442812376 maxHeapBytes=1193279488
Tue Oct 06 21:36:08 CDT 2026 METRIC label=fixed-connected-populated-2 tick=22358 tracked=22 lookups=3349 samples=100 meanMs=2.10979404 p95Ms=2.6245 maxMs=3.452401 heapUsedBytes=466142384 maxHeapBytes=1193279488
Tue Oct 06 21:36:14 CDT 2026 METRIC label=fixed-connected-populated-3 tick=22471 tracked=21 lookups=4175 samples=100 meanMs=2.3551930800000003 p95Ms=2.7053 maxMs=22.395001 heapUsedBytes=498258160 maxHeapBytes=1193279488
Tue Oct 06 21:36:19 CDT 2026 METRIC label=fixed-connected-populated-4 tick=22584 tracked=21 lookups=4567 samples=100 meanMs=2.53432906 p95Ms=2.8118 maxMs=47.4029 heapUsedBytes=533180976 maxHeapBytes=1193279488
Tue Oct 06 21:36:25 CDT 2026 METRIC label=fixed-connected-populated-5 tick=22697 tracked=19 lookups=5191 samples=100 meanMs=2.20491309 p95Ms=2.7826 maxMs=4.3935 heapUsedBytes=560902656 maxHeapBytes=1193279488
Tue Oct 06 21:36:25 CDT 2026 FIXTURE_QUERY uuid=470e372b-ba72-4c89-a13e-bbb2e42478e1 active=true dead=false availability=AVAILABLE location=RESOLVED dimension=100 world=237249,87300 mask=2663,1412 tile=T442 (Exact cell; capturability unknown) incarnation=4
Tue Oct 06 21:36:25 CDT 2026 FIXTURE_QUERY uuid=3132bac6-2a8a-4193-a18d-8204842576af active=true dead=false availability=AVAILABLE location=RESOLVED dimension=100 world=237246,87293 mask=2663,1411 tile=T401 (Exact cell; capturability unknown) incarnation=5
Tue Oct 06 21:36:25 CDT 2026 FIXTURE_QUERY uuid=ab85b53d-b70a-4e6a-aeeb-046f3234286b active=true dead=false availability=AVAILABLE location=RESOLVED dimension=100 world=237248,87299 mask=2663,1412 tile=T442 (Exact cell; capturability unknown) incarnation=6
Tue Oct 06 21:36:25 CDT 2026 FIXTURE_QUERY uuid=018cf80d-1bbe-45da-8a9a-8f6ffe29f257 active=true dead=false availability=AVAILABLE location=RESOLVED dimension=100 world=237249,87290 mask=2663,1411 tile=T401 (Exact cell; capturability unknown) incarnation=7
Tue Oct 06 21:36:25 CDT 2026 FIXTURE_QUERY uuid=e713081c-45cc-4a85-9e73-15922a26ebf4 active=true dead=false availability=AVAILABLE location=RESOLVED dimension=100 world=237255,87290 mask=2663,1411 tile=T401 (Exact cell; capturability unknown) incarnation=8
Tue Oct 06 21:36:25 CDT 2026 FIXTURE_QUERY uuid=af56f056-0ed2-45b4-b789-efae759a3c3a active=true dead=false availability=AVAILABLE location=RESOLVED dimension=100 world=237252,87293 mask=2663,1411 tile=T401 (Exact cell; capturability unknown) incarnation=9
Tue Oct 06 21:36:25 CDT 2026 FIXTURE_QUERY uuid=f123f776-3cd1-4ebd-bdee-85d165d08b7a active=true dead=true availability=NOT_TRACKED location=absent incarnation=absent
Tue Oct 06 21:36:25 CDT 2026 FIXTURE_QUERY uuid=608566fe-3b9c-4b34-8aca-8a17934a712c active=true dead=true availability=NOT_TRACKED location=absent incarnation=absent
Tue Oct 06 21:36:25 CDT 2026 FIXTURE_QUERY uuid=7af30b59-1123-47b4-9087-2f74246f7332 active=true dead=false availability=AVAILABLE location=RESOLVED dimension=100 world=237244,87293 mask=2663,1411 tile=T401 (Exact cell; capturability unknown) incarnation=12
Tue Oct 06 21:36:25 CDT 2026 FIXTURE_QUERY uuid=b82c4508-c3b2-47a8-92f4-e420a16a5620 active=true dead=false availability=AVAILABLE location=RESOLVED dimension=100 world=237245,87290 mask=2663,1411 tile=T401 (Exact cell; capturability unknown) incarnation=13
Tue Oct 06 21:36:25 CDT 2026 FIXTURE_QUERY uuid=80c033aa-ff26-457b-8cd8-7272047e88bc active=true dead=false availability=AVAILABLE location=RESOLVED dimension=100 world=237245,87299 mask=2663,1412 tile=T442 (Exact cell; capturability unknown) incarnation=14
Tue Oct 06 21:36:25 CDT 2026 FIXTURE_QUERY uuid=eb03b7af-c6ac-448a-a074-0ac1e063d615 active=true dead=false availability=AVAILABLE location=RESOLVED dimension=100 world=237254,87292 mask=2663,1411 tile=T401 (Exact cell; capturability unknown) incarnation=15
Tue Oct 06 21:36:25 CDT 2026 FIXTURE_QUERY uuid=59e094a5-fe17-4e06-85b9-8318d8c63498 active=true dead=false availability=AVAILABLE location=RESOLVED dimension=100 world=237250,87300 mask=2663,1412 tile=T442 (Exact cell; capturability unknown) incarnation=16
Tue Oct 06 21:36:25 CDT 2026 FIXTURE_QUERY uuid=0861e1e4-5c46-44b2-aa78-e3d674f42fa5 active=true dead=false availability=AVAILABLE location=RESOLVED dimension=100 world=237244,87302 mask=2663,1412 tile=T442 (Exact cell; capturability unknown) incarnation=17
Tue Oct 06 21:36:25 CDT 2026 FIXTURE_QUERY uuid=2fabdf98-d841-44c8-85ef-5e9abe116d0f active=true dead=false availability=AVAILABLE location=RESOLVED dimension=100 world=237248,87297 mask=2663,1412 tile=T442 (Exact cell; capturability unknown) incarnation=18
Tue Oct 06 21:36:25 CDT 2026 FIXTURE_QUERY uuid=0dee0782-a0bb-496c-97b7-3f0574e7a335 active=true dead=false availability=AVAILABLE location=RESOLVED dimension=100 world=237255,87300 mask=2663,1412 tile=T442 (Exact cell; capturability unknown) incarnation=19
Tue Oct 06 21:36:25 CDT 2026 FIXTURE_QUERY uuid=a110c29a-2d51-44ed-b015-4e8cdbdc63d7 active=true dead=false availability=AVAILABLE location=RESOLVED dimension=100 world=237246,87290 mask=2663,1411 tile=T401 (Exact cell; capturability unknown) incarnation=20
Tue Oct 06 21:36:25 CDT 2026 FIXTURE_QUERY uuid=a6a1ab0b-ce67-45b3-ab16-cac8c3947a62 active=true dead=false availability=AVAILABLE location=RESOLVED dimension=100 world=237244,87291 mask=2663,1411 tile=T401 (Exact cell; capturability unknown) incarnation=21
Tue Oct 06 21:36:25 CDT 2026 FIXTURE_QUERY uuid=fa56a5f7-8fc4-4228-b7a0-aacf186856f6 active=true dead=false availability=AVAILABLE location=RESOLVED dimension=100 world=237250,87298 mask=2663,1412 tile=T442 (Exact cell; capturability unknown) incarnation=22
Tue Oct 06 21:36:25 CDT 2026 FIXTURE_QUERY uuid=7300f2be-0a6f-4f3f-8009-a11b12ce87d9 active=true dead=false availability=AVAILABLE location=RESOLVED dimension=100 world=237255,87301 mask=2663,1412 tile=T442 (Exact cell; capturability unknown) incarnation=23
Tue Oct 06 21:36:25 CDT 2026 FIXTURE_QUERY uuid=5bbff424-4fab-45b7-a12e-42b415caf535 active=true dead=true availability=NOT_TRACKED location=absent incarnation=absent
Tue Oct 06 21:37:01 CDT 2026 FIXTURE_CLEANUP count=21
Tue Oct 06 21:37:01 CDT 2026 METRIC label=fixed-connected-cleanup tick=23421 tracked=1 lookups=8262 samples=100 meanMs=2.6112440099999996 p95Ms=2.560099 maxMs=61.0554 heapUsedBytes=464524560 maxHeapBytes=1193279488
